<html>
<body>
<pre>
<h1>µVision Build Log</h1>
<h2>Tool Versions:</h2>
IDE-Version: ¦ÌVision V5.24.2.0
Copyright (C) 2017 ARM Ltd and ARM Germany GmbH. All rights reserved.
License Information: 1 39328428@qq.com, hit, LIC=ZB4EI-T3KW8-01KP1-CY620-UEXBI-JTH56
 
Tool Versions:
Toolchain:       MDK-ARM Plus  Version: 5.24.1
Toolchain Path:  D:\keil5\ARM\ARMCC\Bin
C Compiler:      Armcc.exe V5.06 update 5 (build 528)
Assembler:       Armasm.exe V5.06 update 5 (build 528)
Linker/Locator:  ArmLink.exe V5.06 update 5 (build 528)
Library Manager: ArmAr.exe V5.06 update 5 (build 528)
Hex Converter:   FromElf.exe V5.06 update 5 (build 528)
CPU DLL:         SARMCM3.DLL V5.24.1
Dialog DLL:      DCM.DLL V1.16.0.0
Target DLL:      STLink\ST-LINKIII-KEIL_SWO.dll V3.0.1.0
Dialog DLL:      TCM.DLL V1.32.0.0
 
<h2>Project:</h2>
D:\STM32PROJECT\MyKeyboard\MDK-ARM\MyKeyboard.uvprojx
Project File Date:  12/20/2025

<h2>Output:</h2>
*** Using Compiler 'V5.06 update 5 (build 528)', folder: 'D:\keil5\ARM\ARMCC\Bin'
Build target 'MyKeyboard'
compiling main.c...
../Core/Src/main.c(154): warning:  #188-D: enumerated type mixed with another type
  	  HAL_GPIO_WritePin(
PIOA,
PIO_PIN_1,1);
../Core/Src/main.c(155): warning:  #188-D: enumerated type mixed with another type
  	  HAL_GPIO_WritePin(
PIOA,
PIO_PIN_2,0);
../Core/Src/main.c(156): warning:  #188-D: enumerated type mixed with another type
  	  HAL_GPIO_WritePin(
PIOA,
PIO_PIN_3,0);
../Core/Src/main.c(157): warning:  #188-D: enumerated type mixed with another type
  	  HAL_GPIO_WritePin(
PIOA,
PIO_PIN_4,0);
../Core/Src/main.c(205): warning:  #188-D: enumerated type mixed with another type
  	HAL_GPIO_WritePin(
PIOA,
PIO_PIN_1,0);
../Core/Src/main.c(206): warning:  #188-D: enumerated type mixed with another type
  	  HAL_GPIO_WritePin(
PIOA,
PIO_PIN_2,1);
../Core/Src/main.c(207): warning:  #188-D: enumerated type mixed with another type
  	  HAL_GPIO_WritePin(
PIOA,
PIO_PIN_3,0);
../Core/Src/main.c(208): warning:  #188-D: enumerated type mixed with another type
  	  HAL_GPIO_WritePin(
PIOA,
PIO_PIN_4,0);
../Core/Src/main.c(256): warning:  #188-D: enumerated type mixed with another type
  	  HAL_GPIO_WritePin(
PIOA,
PIO_PIN_1,0);
../Core/Src/main.c(257): warning:  #188-D: enumerated type mixed with another type
  	  HAL_GPIO_WritePin(
PIOA,
PIO_PIN_2,0);
../Core/Src/main.c(258): warning:  #188-D: enumerated type mixed with another type
  	  HAL_GPIO_WritePin(
PIOA,
PIO_PIN_3,1);
../Core/Src/main.c(259): warning:  #188-D: enumerated type mixed with another type
  	  HAL_GPIO_WritePin(
PIOA,
PIO_PIN_4,0);
../Core/Src/main.c(307): warning:  #188-D: enumerated type mixed with another type
  	  HAL_GPIO_WritePin(
PIOA,
PIO_PIN_1,0);
../Core/Src/main.c(308): warning:  #188-D: enumerated type mixed with another type
  	  HAL_GPIO_WritePin(
PIOA,
PIO_PIN_2,0);
../Core/Src/main.c(309): warning:  #188-D: enumerated type mixed with another type
  	  HAL_GPIO_WritePin(
PIOA,
PIO_PIN_3,0);
../Core/Src/main.c(310): warning:  #188-D: enumerated type mixed with another type
  	  HAL_GPIO_WritePin(
PIOA,
PIO_PIN_4,1);
../Core/Src/main.c(98): warning:  #177-D: variable "alt"  was declared but never referenced
  const uint8_t alt=0x04;
../Core/Src/main.c(99): warning:  #177-D: variable "win"  was declared but never referenced
  const uint8_t win =0x08;
../Core/Src/main.c(119): warning:  #177-D: variable "location1"  was declared but never referenced
  uint8_t location1;
../Core/Src/main.c(120): warning:  #177-D: variable "location3"  was declared but never referenced
  uint8_t location3;
../Core/Src/main.c: 20 warnings, 0 errors
linking...
Program Size: Code=13132 RO-data=304 RW-data=396 ZI-data=3604  
FromELF: creating hex file...
"MyKeyboard\MyKeyboard.axf" - 0 Error(s), 20 Warning(s).

<h2>Software Packages used:</h2>

Package Vendor: ARM
                http://www.keil.com/pack/ARM.CMSIS.5.0.1.pack
                ARM.CMSIS.5.0.1
                CMSIS (Cortex Microcontroller Software Interface Standard)
   * Component: CORE Version: 5.0.1

Package Vendor: Keil
                http://www.keil.com/pack/Keil.STM32F1xx_DFP.2.2.0.pack
                Keil.STM32F1xx_DFP.2.2.0
                STMicroelectronics STM32F1 Series Device Support, Drivers and Examples

<h2>Collection of Component include folders:</h2>
  .\RTE\_MyKeyboard
  D:\keil5\ARM\CMSIS\5.0.1\CMSIS\Include
  D:\keil5\Keil\STM32F1xx_DFP\2.2.0\Device\Include

<h2>Collection of Component Files used:</h2>

   * Component: ARM::CMSIS:CORE:5.0.1
Build Time Elapsed:  00:00:02
</pre>
</body>
</html>
